// Jest Snapshot v1, https://goo.gl/fbAQLP

exports[`matches the snapshot when rendering a restricted timepicker 1`] = `
<section>
  <FormItem
    className="hidden-label"
    hasFeedback={false}
    label="Checkbox label"
  >
    <Checkbox
      indeterminate={false}
      onChange={[Function]}
    />
  </FormItem>
  <FormItem
    hasFeedback={false}
    label="Label"
  >
    <TimePicker
      align={
        Object {
          "offset": Array [
            0,
            -2,
          ],
        }
      }
      disabled={true}
      disabledHours={[Function]}
      disabledMinutes={[Function]}
      disabledSeconds={[Function]}
      focusOnOpen={true}
      format="mm:ss"
      hideDisabledOptions={true}
      onChange={[Function]}
      placement="bottomLeft"
      transitionName="slide-up"
      value={"1970-01-01T00:00:00.000Z"}
    />
  </FormItem>
</section>
`;
